<?xml version="1.0" encoding="UTF-8"?>
<testsuites name="jest tests" tests="24" failures="0" errors="0" time="1.295">
  <testsuite name="&lt;App /&gt;" errors="0" failures="0" skipped="0" timestamp="2023-01-23T19:06:19" time="0.559" tests="5">
    <testcase classname="&lt;App /&gt; renders a component with Head and Body components" name="&lt;App /&gt; renders a component with Head and Body components" time="0.025">
    </testcase>
    <testcase classname="&lt;App /&gt; - editable mode should change description" name="&lt;App /&gt; - editable mode should change description" time="0.015">
    </testcase>
    <testcase classname="&lt;App /&gt; - editable mode should change price" name="&lt;App /&gt; - editable mode should change price" time="0.011">
    </testcase>
    <testcase classname="&lt;App /&gt; - editable mode should successfuly parse the dropped file content" name="&lt;App /&gt; - editable mode should successfuly parse the dropped file content" time="0.016">
    </testcase>
    <testcase classname="&lt;App /&gt; - editable mode should show an error if JSON file has wrong format" name="&lt;App /&gt; - editable mode should show an error if JSON file has wrong format" time="0.013">
    </testcase>
  </testsuite>
  <testsuite name="&lt;Body /&gt;" errors="0" failures="0" skipped="0" timestamp="2023-01-23T19:06:19" time="0.077" tests="3">
    <testcase classname="&lt;Body /&gt; - readonly mode renders a component with an empty list" name="&lt;Body /&gt; - readonly mode renders a component with an empty list" time="0.003">
    </testcase>
    <testcase classname="&lt;Body /&gt; - readonly mode renders a component with calculated total and VAT" name="&lt;Body /&gt; - readonly mode renders a component with calculated total and VAT" time="0.003">
    </testcase>
    <testcase classname="&lt;Body /&gt; - readonly mode should show 2 digits after decimal point in total and VAT" name="&lt;Body /&gt; - readonly mode should show 2 digits after decimal point in total and VAT" time="0.003">
    </testcase>
  </testsuite>
  <testsuite name="&lt;LineItems /&gt;" errors="0" failures="0" skipped="0" timestamp="2023-01-23T19:06:19" time="0.082" tests="2">
    <testcase classname="&lt;LineItems /&gt; renders a component with an empty list" name="&lt;LineItems /&gt; renders a component with an empty list" time="0.003">
    </testcase>
    <testcase classname="&lt;LineItems /&gt; renders a component with a list of 2 items" name="&lt;LineItems /&gt; renders a component with a list of 2 items" time="0.002">
    </testcase>
  </testsuite>
  <testsuite name="&lt;EditableLineItems /&gt;" errors="0" failures="0" skipped="0" timestamp="2023-01-23T19:06:19" time="0.078" tests="4">
    <testcase classname="&lt;EditableLineItems /&gt; renders a component with editable description and price" name="&lt;EditableLineItems /&gt; renders a component with editable description and price" time="0.004">
    </testcase>
    <testcase classname="&lt;EditableLineItems /&gt; should call changeDescription" name="&lt;EditableLineItems /&gt; should call changeDescription" time="0.003">
    </testcase>
    <testcase classname="&lt;EditableLineItems /&gt; should call changePrice" name="&lt;EditableLineItems /&gt; should call changePrice" time="0.003">
    </testcase>
    <testcase classname="&lt;EditableLineItems /&gt; should convert a wrong value into zero" name="&lt;EditableLineItems /&gt; should convert a wrong value into zero" time="0.002">
    </testcase>
  </testsuite>
  <testsuite name="&lt;Header /&gt;" errors="0" failures="0" skipped="0" timestamp="2023-01-23T19:06:19" time="0.07" tests="2">
    <testcase classname="&lt;Header /&gt; renders a component with invoice data" name="&lt;Header /&gt; renders a component with invoice data" time="0.004">
    </testcase>
    <testcase classname="&lt;Header /&gt; renders a component with empty data" name="&lt;Header /&gt; renders a component with empty data" time="0.003">
    </testcase>
  </testsuite>
  <testsuite name="&lt;Dropzone /&gt;" errors="0" failures="0" skipped="0" timestamp="2023-01-23T19:06:20" time="0.051" tests="4">
    <testcase classname="&lt;Dropzone /&gt; renders a component with isDropSucceded=true" name="&lt;Dropzone /&gt; renders a component with isDropSucceded=true" time="0.002">
    </testcase>
    <testcase classname="&lt;Dropzone /&gt; renders a component with isDropFailed=true" name="&lt;Dropzone /&gt; renders a component with isDropFailed=true" time="0.002">
    </testcase>
    <testcase classname="&lt;Dropzone /&gt; invokes onDrop when drop event occurs" name="&lt;Dropzone /&gt; invokes onDrop when drop event occurs" time="0.002">
    </testcase>
    <testcase classname="&lt;Dropzone /&gt; changes a className when dragEnter occurs" name="&lt;Dropzone /&gt; changes a className when dragEnter occurs" time="0.002">
    </testcase>
  </testsuite>
  <testsuite name="itemsReducer" errors="0" failures="0" skipped="0" timestamp="2023-01-23T19:06:20" time="0.036" tests="4">
    <testcase classname="itemsReducer - description or price are changed DESCRIPTION_CHANGED: should return the list with modified item" name="itemsReducer - description or price are changed DESCRIPTION_CHANGED: should return the list with modified item" time="0">
    </testcase>
    <testcase classname="itemsReducer - description or price are changed PRICE_CHANGED: should return the list with modified item" name="itemsReducer - description or price are changed PRICE_CHANGED: should return the list with modified item" time="0">
    </testcase>
    <testcase classname="itemsReducer - INITIALIZE_CARD should return the completely modified list" name="itemsReducer - INITIALIZE_CARD should return the completely modified list" time="0.001">
    </testcase>
    <testcase classname="itemsReducer - INITIALIZE_CARD should return an empty list" name="itemsReducer - INITIALIZE_CARD should return an empty list" time="0">
    </testcase>
  </testsuite>
</testsuites>